[{"stream_name":"stdout","time":4.285212276,"data":"Looking in links: /kaggle/input/pm-120987962-at-05-30-2026-01-51-17\n"}
,{"stream_name":"stdout","time":4.294583536,"data":"Requirement already satisfied: pandas in /usr/local/lib/python3.12/dist-packages (2.3.3)\n"}
,{"stream_name":"stdout","time":4.295730327,"data":"Requirement already satisfied: numpy in /usr/local/lib/python3.12/dist-packages (2.4.6)\n"}
,{"stream_name":"stdout","time":4.299416051,"data":"Requirement already satisfied: torch in /usr/local/lib/python3.12/dist-packages (2.10.0+cu128)\n"}
,{"stream_name":"stdout","time":4.302333858,"data":"Requirement already satisfied: transformers in /usr/local/lib/python3.12/dist-packages (5.0.0)\n"}
,{"stream_name":"stdout","time":4.362661156,"data":"Processing /kaggle/input/pm-120987962-at-05-30-2026-01-51-17/faiss_cpu-1.14.2-cp310-abi3-manylinux_2_27_x86_64.manylinux_2_28_x86_64.whl\n"}
,{"stream_name":"stdout","time":4.8177311,"data":"Requirement already satisfied: tqdm in /usr/local/lib/python3.12/dist-packages (4.67.3)\n"}
,{"stream_name":"stdout","time":4.818619581,"data":"Requirement already satisfied: pyarrow in /usr/local/lib/python3.12/dist-packages (24.0.0)\n"}
,{"stream_name":"stdout","time":4.83265063,"data":"Requirement already satisfied: python-dateutil\u003e=2.8.2 in /usr/local/lib/python3.12/dist-packages (from pandas) (2.9.0.post0)\n"}
,{"stream_name":"stdout","time":4.834290951,"data":"Requirement already satisfied: pytz\u003e=2020.1 in /usr/local/lib/python3.12/dist-packages (from pandas) (2025.2)\n"}
,{"stream_name":"stdout","time":4.8352403630000005,"data":"Requirement already satisfied: tzdata\u003e=2022.7 in /usr/local/lib/python3.12/dist-packages (from pandas) (2026.1)\n"}
,{"stream_name":"stdout","time":4.846151702,"data":"Requirement already satisfied: filelock in /usr/local/lib/python3.12/dist-packages (from torch) (3.25.2)\n"}
,{"stream_name":"stdout","time":4.847164295,"data":"Requirement already satisfied: typing-extensions\u003e=4.10.0 in /usr/local/lib/python3.12/dist-packages (from torch) (4.15.0)\n"}
,{"stream_name":"stdout","time":4.848624737,"data":"Requirement already satisfied: setuptools in /usr/local/lib/python3.12/dist-packages (from torch) (75.2.0)\n"}
,{"stream_name":"stdout","time":4.850126669,"data":"Requirement already satisfied: sympy\u003e=1.13.3 in /usr/local/lib/python3.12/dist-packages (from torch) (1.14.0)\n"}
,{"stream_name":"stdout","time":4.851440956,"data":"Requirement already satisfied: networkx\u003e=2.5.1 in /usr/local/lib/python3.12/dist-packages (from torch) (3.6.1)\n"}
,{"stream_name":"stdout","time":4.852359132,"data":"Requirement already satisfied: jinja2 in /usr/local/lib/python3.12/dist-packages (from torch) (3.1.6)\n"}
,{"stream_name":"stdout","time":4.854233616,"data":"Requirement already satisfied: fsspec\u003e=0.8.5 in /usr/local/lib/python3.12/dist-packages (from torch) (2025.3.0)\n"}
,{"stream_name":"stdout","time":4.857027366,"data":"INFO: pip is looking at multiple versions of torch to determine which version is compatible with other requirements. This could take a while.\n"}
,{"stream_name":"stdout","time":4.866171823,"data":"Processing /kaggle/input/pm-120987962-at-05-30-2026-01-51-17/torch-2.12.0-cp312-cp312-manylinux_2_28_x86_64.whl\n"}
,{"stream_name":"stdout","time":11.931505913,"data":"Processing /kaggle/input/pm-120987962-at-05-30-2026-01-51-17/cuda_toolkit-13.0.2-py2.py3-none-any.whl (from cuda-toolkit[cudart,cufft,cufile,cupti,curand,cusolver,cusparse,nvjitlink,nvrtc,nvtx]==13.0.2; platform_system == \"Linux\"-\u003etorch)\n"}
,{"stream_name":"stdout","time":11.957017555,"data":"Processing /kaggle/input/pm-120987962-at-05-30-2026-01-51-17/nvidia_cublas-13.1.1.3-py3-none-manylinux_2_27_x86_64.whl (from torch)\n"}
,{"stream_name":"stdout","time":16.321787393,"data":"Requirement already satisfied: cuda-bindings\u003c14,\u003e=13.0.3 in /usr/local/lib/python3.12/dist-packages (from torch) (13.2.0)\n"}
,{"stream_name":"stdout","time":16.331294899,"data":"Processing /kaggle/input/pm-120987962-at-05-30-2026-01-51-17/nvidia_cudnn_cu13-9.20.0.48-py3-none-manylinux_2_27_x86_64.whl (from torch)\n"}
,{"stream_name":"stdout","time":20.052571165,"data":"Processing /kaggle/input/pm-120987962-at-05-30-2026-01-51-17/nvidia_cusparselt_cu13-0.8.1-py3-none-manylinux2014_x86_64.whl (from torch)\n"}
,{"stream_name":"stdout","time":21.816098249,"data":"Processing /kaggle/input/pm-120987962-at-05-30-2026-01-51-17/nvidia_nccl_cu13-2.29.7-py3-none-manylinux_2_18_x86_64.whl (from torch)\n"}
,{"stream_name":"stdout","time":23.867902017,"data":"Processing /kaggle/input/pm-120987962-at-05-30-2026-01-51-17/nvidia_nvshmem_cu13-3.4.5-py3-none-manylinux2014_x86_64.manylinux_2_17_x86_64.whl (from torch)\n"}
,{"stream_name":"stdout","time":24.480306491,"data":"Processing /kaggle/input/pm-120987962-at-05-30-2026-01-51-17/triton-3.7.0-cp312-cp312-manylinux_2_27_x86_64.manylinux_2_28_x86_64.whl (from torch)\n"}
,{"stream_name":"stdout","time":26.681891557,"data":"Processing /kaggle/input/pm-120987962-at-05-30-2026-01-51-17/nvidia_cuda_runtime-13.0.96-py3-none-manylinux2014_x86_64.manylinux_2_17_x86_64.whl (from cuda-toolkit[cudart,cufft,cufile,cupti,curand,cusolver,cusparse,nvjitlink,nvrtc,nvtx]==13.0.2; platform_system == \"Linux\"-\u003etorch)\n"}
,{"stream_name":"stdout","time":26.709974906,"data":"Processing /kaggle/input/pm-120987962-at-05-30-2026-01-51-17/nvidia_cufft-12.0.0.61-py3-none-manylinux2014_x86_64.manylinux_2_17_x86_64.whl (from cuda-toolkit[cudart,cufft,cufile,cupti,curand,cusolver,cusparse,nvjitlink,nvrtc,nvtx]==13.0.2; platform_system == \"Linux\"-\u003etorch)\n"}
,{"stream_name":"stdout","time":28.739108513,"data":"Processing /kaggle/input/pm-120987962-at-05-30-2026-01-51-17/nvidia_cufile-1.15.1.6-py3-none-manylinux2014_x86_64.manylinux_2_17_x86_64.whl (from cuda-toolkit[cudart,cufft,cufile,cupti,curand,cusolver,cusparse,nvjitlink,nvrtc,nvtx]==13.0.2; platform_system == \"Linux\"-\u003etorch)\n"}
,{"stream_name":"stdout","time":28.760982231,"data":"Processing /kaggle/input/pm-120987962-at-05-30-2026-01-51-17/nvidia_cuda_cupti-13.0.85-py3-none-manylinux_2_25_x86_64.whl (from cuda-toolkit[cudart,cufft,cufile,cupti,curand,cusolver,cusparse,nvjitlink,nvrtc,nvtx]==13.0.2; platform_system == \"Linux\"-\u003etorch)\n"}
,{"stream_name":"stdout","time":28.86651966,"data":"Processing /kaggle/input/pm-120987962-at-05-30-2026-01-51-17/nvidia_curand-10.4.0.35-py3-none-manylinux_2_27_x86_64.whl (from cuda-toolkit[cudart,cufft,cufile,cupti,curand,cusolver,cusparse,nvjitlink,nvrtc,nvtx]==13.0.2; platform_system == \"Linux\"-\u003etorch)\n"}
,{"stream_name":"stdout","time":29.504750111,"data":"Processing /kaggle/input/pm-120987962-at-05-30-2026-01-51-17/nvidia_cusolver-12.0.4.66-py3-none-manylinux_2_27_x86_64.whl (from cuda-toolkit[cudart,cufft,cufile,cupti,curand,cusolver,cusparse,nvjitlink,nvrtc,nvtx]==13.0.2; platform_system == \"Linux\"-\u003etorch)\n"}
,{"stream_name":"stdout","time":31.24215558,"data":"Processing /kaggle/input/pm-120987962-at-05-30-2026-01-51-17/nvidia_cusparse-12.6.3.3-py3-none-manylinux2014_x86_64.manylinux_2_17_x86_64.whl (from cuda-toolkit[cudart,cufft,cufile,cupti,curand,cusolver,cusparse,nvjitlink,nvrtc,nvtx]==13.0.2; platform_system == \"Linux\"-\u003etorch)\n"}
,{"stream_name":"stdout","time":32.658347764,"data":"Processing /kaggle/input/pm-120987962-at-05-30-2026-01-51-17/nvidia_nvjitlink-13.0.88-py3-none-manylinux2010_x86_64.manylinux_2_12_x86_64.whl (from cuda-toolkit[cudart,cufft,cufile,cupti,curand,cusolver,cusparse,nvjitlink,nvrtc,nvtx]==13.0.2; platform_system == \"Linux\"-\u003etorch)\n"}
,{"stream_name":"stdout","time":33.083558478,"data":"Processing /kaggle/input/pm-120987962-at-05-30-2026-01-51-17/nvidia_cuda_nvrtc-13.0.88-py3-none-manylinux2010_x86_64.manylinux_2_12_x86_64.whl (from cuda-toolkit[cudart,cufft,cufile,cupti,curand,cusolver,cusparse,nvjitlink,nvrtc,nvtx]==13.0.2; platform_system == \"Linux\"-\u003etorch)\n"}
,{"stream_name":"stdout","time":33.901013443,"data":"Processing /kaggle/input/pm-120987962-at-05-30-2026-01-51-17/nvidia_nvtx-13.0.85-py3-none-manylinux1_x86_64.manylinux_2_5_x86_64.whl (from cuda-toolkit[cudart,cufft,cufile,cupti,curand,cusolver,cusparse,nvjitlink,nvrtc,nvtx]==13.0.2; platform_system == \"Linux\"-\u003etorch)\n"}
,{"stream_name":"stdout","time":33.952657462,"data":"Requirement already satisfied: huggingface-hub\u003c2.0,\u003e=1.3.0 in /usr/local/lib/python3.12/dist-packages (from transformers) (1.10.1)\n"}
,{"stream_name":"stdout","time":33.954142165,"data":"Requirement already satisfied: packaging\u003e=20.0 in /usr/local/lib/python3.12/dist-packages (from transformers) (26.2)\n"}
,{"stream_name":"stdout","time":33.955308631,"data":"Requirement already satisfied: pyyaml\u003e=5.1 in /usr/local/lib/python3.12/dist-packages (from transformers) (6.0.3)\n"}
,{"stream_name":"stdout","time":33.957502418,"data":"Requirement already satisfied: regex!=2019.12.17 in /usr/local/lib/python3.12/dist-packages (from transformers) (2025.11.3)\n"}
,{"stream_name":"stdout","time":33.958863315,"data":"Requirement already satisfied: tokenizers\u003c=0.23.0,\u003e=0.22.0 in /usr/local/lib/python3.12/dist-packages (from transformers) (0.22.2)\n"}
,{"stream_name":"stdout","time":33.960030252,"data":"Requirement already satisfied: typer-slim in /usr/local/lib/python3.12/dist-packages (from transformers) (0.24.0)\n"}
,{"stream_name":"stdout","time":33.961339855,"data":"Requirement already satisfied: safetensors\u003e=0.4.3 in /usr/local/lib/python3.12/dist-packages (from transformers) (0.7.0)\n"}
,{"stream_name":"stdout","time":33.972525197,"data":"Requirement already satisfied: cuda-pathfinder~=1.1 in /usr/local/lib/python3.12/dist-packages (from cuda-bindings\u003c14,\u003e=13.0.3-\u003etorch) (1.5.4)\n"}
,{"stream_name":"stdout","time":33.994133524,"data":"Requirement already satisfied: hf-xet\u003c2.0.0,\u003e=1.4.3 in /usr/local/lib/python3.12/dist-packages (from huggingface-hub\u003c2.0,\u003e=1.3.0-\u003etransformers) (1.4.3)\n"}
,{"stream_name":"stdout","time":33.995415458,"data":"Requirement already satisfied: httpx\u003c1,\u003e=0.23.0 in /usr/local/lib/python3.12/dist-packages (from huggingface-hub\u003c2.0,\u003e=1.3.0-\u003etransformers) (0.28.1)\n"}
,{"stream_name":"stdout","time":33.998925976,"data":"Requirement already satisfied: typer in /usr/local/lib/python3.12/dist-packages (from huggingface-hub\u003c2.0,\u003e=1.3.0-\u003etransformers) (0.24.1)\n"}
,{"stream_name":"stdout","time":34.009779608,"data":"Requirement already satisfied: six\u003e=1.5 in /usr/local/lib/python3.12/dist-packages (from python-dateutil\u003e=2.8.2-\u003epandas) (1.17.0)\n"}
,{"stream_name":"stdout","time":34.029142158,"data":"Requirement already satisfied: mpmath\u003c1.4,\u003e=1.1.0 in /usr/local/lib/python3.12/dist-packages (from sympy\u003e=1.13.3-\u003etorch) (1.3.0)\n"}
,{"stream_name":"stdout","time":34.036897873,"data":"Requirement already satisfied: MarkupSafe\u003e=2.0 in /usr/local/lib/python3.12/dist-packages (from jinja2-\u003etorch) (3.0.3)\n"}
,{"stream_name":"stdout","time":34.044505148,"data":"Requirement already satisfied: anyio in /usr/local/lib/python3.12/dist-packages (from httpx\u003c1,\u003e=0.23.0-\u003ehuggingface-hub\u003c2.0,\u003e=1.3.0-\u003etransformers) (4.13.0)\n"}
,{"stream_name":"stdout","time":34.04557558,"data":"Requirement already satisfied: certifi in /usr/local/lib/python3.12/dist-packages (from httpx\u003c1,\u003e=0.23.0-\u003ehuggingface-hub\u003c2.0,\u003e=1.3.0-\u003etransformers) (2026.2.25)\n"}
,{"stream_name":"stdout","time":34.04750372,"data":"Requirement already satisfied: httpcore==1.* in /usr/local/lib/python3.12/dist-packages (from httpx\u003c1,\u003e=0.23.0-\u003ehuggingface-hub\u003c2.0,\u003e=1.3.0-\u003etransformers) (1.0.9)\n"}
,{"stream_name":"stdout","time":34.048742038,"data":"Requirement already satisfied: idna in /usr/local/lib/python3.12/dist-packages (from httpx\u003c1,\u003e=0.23.0-\u003ehuggingface-hub\u003c2.0,\u003e=1.3.0-\u003etransformers) (3.11)\n"}
,{"stream_name":"stdout","time":34.05270558,"data":"Requirement already satisfied: h11\u003e=0.16 in /usr/local/lib/python3.12/dist-packages (from httpcore==1.*-\u003ehttpx\u003c1,\u003e=0.23.0-\u003ehuggingface-hub\u003c2.0,\u003e=1.3.0-\u003etransformers) (0.16.0)\n"}
,{"stream_name":"stdout","time":34.060351424,"data":"Requirement already satisfied: click\u003e=8.2.1 in /usr/local/lib/python3.12/dist-packages (from typer-\u003ehuggingface-hub\u003c2.0,\u003e=1.3.0-\u003etransformers) (8.3.2)\n"}
,{"stream_name":"stdout","time":34.061318158,"data":"Requirement already satisfied: shellingham\u003e=1.3.0 in /usr/local/lib/python3.12/dist-packages (from typer-\u003ehuggingface-hub\u003c2.0,\u003e=1.3.0-\u003etransformers) (1.5.4)\n"}
,{"stream_name":"stdout","time":34.06295263,"data":"Requirement already satisfied: rich\u003e=12.3.0 in /usr/local/lib/python3.12/dist-packages (from typer-\u003ehuggingface-hub\u003c2.0,\u003e=1.3.0-\u003etransformers) (13.9.4)\n"}
,{"stream_name":"stdout","time":34.064145014,"data":"Requirement already satisfied: annotated-doc\u003e=0.0.2 in /usr/local/lib/python3.12/dist-packages (from typer-\u003ehuggingface-hub\u003c2.0,\u003e=1.3.0-\u003etransformers) (0.0.4)\n"}
,{"stream_name":"stdout","time":34.070614671,"data":"Requirement already satisfied: markdown-it-py\u003e=2.2.0 in /usr/local/lib/python3.12/dist-packages (from rich\u003e=12.3.0-\u003etyper-\u003ehuggingface-hub\u003c2.0,\u003e=1.3.0-\u003etransformers) (4.0.0)\n"}
,{"stream_name":"stdout","time":34.071681193,"data":"Requirement already satisfied: pygments\u003c3.0.0,\u003e=2.13.0 in /usr/local/lib/python3.12/dist-packages (from rich\u003e=12.3.0-\u003etyper-\u003ehuggingface-hub\u003c2.0,\u003e=1.3.0-\u003etransformers) (2.20.0)\n"}
,{"stream_name":"stdout","time":34.084854994,"data":"Requirement already satisfied: mdurl~=0.1 in /usr/local/lib/python3.12/dist-packages (from markdown-it-py\u003e=2.2.0-\u003erich\u003e=12.3.0-\u003etyper-\u003ehuggingface-hub\u003c2.0,\u003e=1.3.0-\u003etransformers) (0.1.2)\n"}
,{"stream_name":"stdout","time":36.227327192,"data":"Installing collected packages: nvidia-cusparselt-cu13, cuda-toolkit, triton, nvidia-nvtx, nvidia-nvshmem-cu13, nvidia-nvjitlink, nvidia-nccl-cu13, nvidia-curand, nvidia-cufile, nvidia-cuda-runtime, nvidia-cuda-nvrtc, nvidia-cuda-cupti, faiss-cpu, nvidia-cusparse, nvidia-cufft, nvidia-cublas, nvidia-cusolver, nvidia-cudnn-cu13, torch\n"}
,{"stream_name":"stdout","time":37.108567261,"data":"  Attempting uninstall: cuda-toolkit\n"}
,{"stream_name":"stdout","time":37.310062545,"data":"    Found existing installation: cuda-toolkit 12.8.1\n"}
,{"stream_name":"stdout","time":37.313850096,"data":"    Uninstalling cuda-toolkit-12.8.1:\n"}
,{"stream_name":"stdout","time":37.31733554,"data":"      Successfully uninstalled cuda-toolkit-12.8.1\n"}
,{"stream_name":"stdout","time":37.331250299,"data":"  Attempting uninstall: triton\n"}
,{"stream_name":"stdout","time":37.571343557,"data":"    Found existing installation: triton 3.6.0\n"}
,{"stream_name":"stdout","time":37.624819769,"data":"    Uninstalling triton-3.6.0:\n"}
,{"stream_name":"stdout","time":40.518081749,"data":"      Successfully uninstalled triton-3.6.0\n"}
,{"stream_name":"stdout","time":64.577447952,"data":"  Attempting uninstall: torch\n"}
,{"stream_name":"stdout","time":64.874013763,"data":"    Found existing installation: torch 2.10.0+cu128\n"}
,{"stream_name":"stdout","time":65.784108275,"data":"    Uninstalling torch-2.10.0+cu128:\n"}
,{"stream_name":"stdout","time":83.665375488,"data":"      Successfully uninstalled torch-2.10.0+cu128\n"}
,{"stream_name":"stderr","time":103.495315264,"data":"ERROR: pip's dependency resolver does not currently take into account all the packages that are installed. This behaviour is the source of the following dependency conflicts.\n"}
,{"stream_name":"stderr","time":103.495371728,"data":"libcuml-cu12 26.2.0 requires cuda-toolkit[cublas,cufft,curand,cusolver,cusparse]==12.*, but you have cuda-toolkit 13.0.2 which is incompatible.\n"}
,{"stream_name":"stderr","time":103.495379129,"data":"cuml-cu12 26.2.0 requires cuda-toolkit[cublas,cufft,curand,cusolver,cusparse]==12.*, but you have cuda-toolkit 13.0.2 which is incompatible.\n"}
,{"stream_name":"stderr","time":103.495384952,"data":"cuml-cu12 26.2.0 requires numba\u003c0.62.0,\u003e=0.60.0, but you have numba 0.65.1 which is incompatible.\n"}
,{"stream_name":"stderr","time":103.495390339,"data":"cuml-cu12 26.2.0 requires numba-cuda[cu12]\u003c0.23.0,\u003e=0.22.1, but you have numba-cuda 0.30.2 which is incompatible.\n"}
,{"stream_name":"stderr","time":103.495395334,"data":"torchaudio 2.10.0+cu128 requires torch==2.10.0, but you have torch 2.12.0 which is incompatible.\n"}
,{"stream_name":"stderr","time":103.495401434,"data":"torchvision 0.25.0+cu128 requires torch==2.10.0, but you have torch 2.12.0 which is incompatible.\n"}
,{"stream_name":"stderr","time":103.495421507,"data":"cudf-cu12 26.2.1 requires cuda-toolkit[nvcc,nvrtc]==12.*, but you have cuda-toolkit 13.0.2 which is incompatible.\n"}
,{"stream_name":"stderr","time":103.495427701,"data":"cudf-cu12 26.2.1 requires numba\u003c0.62.0,\u003e=0.60.0, but you have numba 0.65.1 which is incompatible.\n"}
,{"stream_name":"stderr","time":103.495433593,"data":"cudf-cu12 26.2.1 requires numba-cuda[cu12]\u003c0.23.0,\u003e=0.22.2, but you have numba-cuda 0.30.2 which is incompatible.\n"}
,{"stream_name":"stderr","time":103.495439159,"data":"libcuvs-cu12 26.2.0 requires cuda-toolkit[cublas,curand,cusolver,cusparse]==12.*, but you have cuda-toolkit 13.0.2 which is incompatible.\n"}
,{"stream_name":"stderr","time":103.495444244,"data":"libraft-cu12 26.2.0 requires cuda-toolkit[cublas,curand,cusolver,cusparse]==12.*, but you have cuda-toolkit 13.0.2 which is incompatible.\n"}
,{"stream_name":"stdout","time":103.495668451,"data":"Successfully installed cuda-toolkit-13.0.2 faiss-cpu-1.14.2 nvidia-cublas-13.1.1.3 nvidia-cuda-cupti-13.0.85 nvidia-cuda-nvrtc-13.0.88 nvidia-cuda-runtime-13.0.96 nvidia-cudnn-cu13-9.20.0.48 nvidia-cufft-12.0.0.61 nvidia-cufile-1.15.1.6 nvidia-curand-10.4.0.35 nvidia-cusolver-12.0.4.66 nvidia-cusparse-12.6.3.3 nvidia-cusparselt-cu13-0.8.1 nvidia-nccl-cu13-2.29.7 nvidia-nvjitlink-13.0.88 nvidia-nvshmem-cu13-3.4.5 nvidia-nvtx-13.0.85 torch-2.12.0 triton-3.7.0\n"}
,{"stream_name":"stderr","time":108.8858969,"data":"0.00s - Debugger warning: It seems that frozen modules are being used, which may\n"}
,{"stream_name":"stderr","time":108.885942614,"data":"0.00s - make the debugger miss breakpoints. Please pass -Xfrozen_modules=off\n"}
,{"stream_name":"stderr","time":108.885950654,"data":"0.00s - to python to disable frozen modules.\n"}
,{"stream_name":"stderr","time":108.885956236,"data":"0.00s - Note: Debugging will proceed. Set PYDEVD_DISABLE_FILE_VALIDATION=1 to disable this validation.\n"}
,{"stream_name":"stderr","time":109.481073686,"data":"0.00s - Debugger warning: It seems that frozen modules are being used, which may\n"}
,{"stream_name":"stderr","time":109.481131699,"data":"0.00s - make the debugger miss breakpoints. Please pass -Xfrozen_modules=off\n"}
,{"stream_name":"stderr","time":109.481138761,"data":"0.00s - to python to disable frozen modules.\n"}
,{"stream_name":"stderr","time":109.481157322,"data":"0.00s - Note: Debugging will proceed. Set PYDEVD_DISABLE_FILE_VALIDATION=1 to disable this validation.\n"}
,{"stream_name":"stdout","time":111.725441546,"data":"Requirement already satisfied: faiss-cpu in /usr/local/lib/python3.12/dist-packages (1.14.2)\r\n"}
,{"stream_name":"stdout","time":111.725470471,"data":"Requirement already satisfied: numpy\u003e=1.25 in /usr/local/lib/python3.12/dist-packages (from faiss-cpu) (2.4.6)\r\n"}
,{"stream_name":"stdout","time":111.725475779,"data":"Requirement already satisfied: packaging in /usr/local/lib/python3.12/dist-packages (from faiss-cpu) (26.2)\r\n"}
,{"stream_name":"stdout","time":134.423037631,"data":"GPUs: 2\n"}
,{"stream_name":"stdout","time":134.423064382,"data":"  GPU 0: Tesla T4 | VRAM: 15.6GB\n"}
,{"stream_name":"stdout","time":134.423070463,"data":"  GPU 1: Tesla T4 | VRAM: 15.6GB\n"}
,{"stream_name":"stdout","time":140.567528623,"data":"Loaded 373,008 chunks\n"}
,{"stream_name":"stderr","time":143.841952216,"data":"Warning: You are sending unauthenticated requests to the HF Hub. Please set a HF_TOKEN to enable higher rate limits and faster downloads.\n"}
,{"stream_name":"stderr","time":143.841985195,"data":"\n"}
,{"stream_name":"stderr","time":143.841993786,"data":"Warning: You are sending unauthenticated requests to the HF Hub. Please set a HF_TOKEN to enable higher rate limits and faster downloads.\n"}
,{"stream_name":"stderr","time":152.095870898,"data":"Traceback (most recent call last):\n"}
,{"stream_name":"stderr","time":152.095905794,"data":"  File \"\u003cstring\u003e\", line 1, in \u003cmodule\u003e\n"}
,{"stream_name":"stderr","time":152.095910723,"data":"  File \"/usr/local/lib/python3.12/dist-packages/papermill/execute.py\", line 131, in execute_notebook\n"}
,{"stream_name":"stderr","time":152.095942533,"data":"    raise_for_execution_errors(nb, output_path)\n"}
,{"stream_name":"stderr","time":152.095949622,"data":"  File \"/usr/local/lib/python3.12/dist-packages/papermill/execute.py\", line 251, in raise_for_execution_errors\n"}
,{"stream_name":"stderr","time":152.09633508,"data":"    raise error\n"}
,{"stream_name":"stderr","time":152.096882502,"data":"papermill.exceptions.PapermillExecutionError: \n"}
,{"stream_name":"stderr","time":152.0968972,"data":"---------------------------------------------------------------------------\n"}
,{"stream_name":"stderr","time":152.096904545,"data":"Exception encountered at \"In [2]\":\n"}
,{"stream_name":"stderr","time":152.096911058,"data":"---------------------------------------------------------------------------\n"}
,{"stream_name":"stderr","time":152.09691608,"data":"RuntimeError                              Traceback (most recent call last)\n"}
,{"stream_name":"stderr","time":152.096920761,"data":"/usr/local/lib/python3.12/dist-packages/transformers/utils/import_utils.py in __getattr__(self, name)\n"}
,{"stream_name":"stderr","time":152.096925555,"data":"   2097             try:\n"}
,{"stream_name":"stderr","time":152.096930003,"data":"-\u003e 2098                 module = self._get_module(self._class_to_module[name])\n"}
,{"stream_name":"stderr","time":152.096934821,"data":"   2099                 value = getattr(module, name)\n"}
,{"stream_name":"stderr","time":152.09694456,"data":"\n"}
,{"stream_name":"stderr","time":152.096947838,"data":"/usr/local/lib/python3.12/dist-packages/transformers/utils/import_utils.py in _get_module(self, module_name)\n"}
,{"stream_name":"stderr","time":152.096951087,"data":"   2287         except Exception as e:\n"}
,{"stream_name":"stderr","time":152.096954206,"data":"-\u003e 2288             raise e\n"}
,{"stream_name":"stderr","time":152.096967949,"data":"   2289 \n"}
,{"stream_name":"stderr","time":152.096970423,"data":"\n"}
,{"stream_name":"stderr","time":152.096972527,"data":"/usr/local/lib/python3.12/dist-packages/transformers/utils/import_utils.py in _get_module(self, module_name)\n"}
,{"stream_name":"stderr","time":152.096974905,"data":"   2285         try:\n"}
,{"stream_name":"stderr","time":152.096977372,"data":"-\u003e 2286             return importlib.import_module(\".\" + module_name, self.__name__)\n"}
,{"stream_name":"stderr","time":152.096992471,"data":"   2287         except Exception as e:\n"}
,{"stream_name":"stderr","time":152.096996544,"data":"\n"}
,{"stream_name":"stderr","time":152.097000336,"data":"/usr/lib/python3.12/importlib/__init__.py in import_module(name, package)\n"}
,{"stream_name":"stderr","time":152.097004289,"data":"     89             level += 1\n"}
,{"stream_name":"stderr","time":152.097008339,"data":"---\u003e 90     return _bootstrap._gcd_import(name[level:], package, level)\n"}
,{"stream_name":"stderr","time":152.097012411,"data":"     91 \n"}
,{"stream_name":"stderr","time":152.097015742,"data":"\n"}
,{"stream_name":"stderr","time":152.097018921,"data":"/usr/lib/python3.12/importlib/_bootstrap.py in _gcd_import(name, package, level)\n"}
,{"stream_name":"stderr","time":152.097022397,"data":"\n"}
,{"stream_name":"stderr","time":152.097025716,"data":"/usr/lib/python3.12/importlib/_bootstrap.py in _find_and_load(name, import_)\n"}
,{"stream_name":"stderr","time":152.097029598,"data":"\n"}
,{"stream_name":"stderr","time":152.097049224,"data":"/usr/lib/python3.12/importlib/_bootstrap.py in _find_and_load_unlocked(name, import_)\n"}
,{"stream_name":"stderr","time":152.097053021,"data":"\n"}
,{"stream_name":"stderr","time":152.097062239,"data":"/usr/lib/python3.12/importlib/_bootstrap.py in _load_unlocked(spec)\n"}
,{"stream_name":"stderr","time":152.097065111,"data":"\n"}
,{"stream_name":"stderr","time":152.097067381,"data":"/usr/lib/python3.12/importlib/_bootstrap_external.py in exec_module(self, module)\n"}
,{"stream_name":"stderr","time":152.097069839,"data":"\n"}
,{"stream_name":"stderr","time":152.097072163,"data":"/usr/lib/python3.12/importlib/_bootstrap.py in _call_with_frames_removed(f, *args, **kwds)\n"}
,{"stream_name":"stderr","time":152.0970748,"data":"\n"}
,{"stream_name":"stderr","time":152.09708963,"data":"/usr/local/lib/python3.12/dist-packages/transformers/models/xlm_roberta/modeling_xlm_roberta.py in \u003cmodule\u003e\n"}
,{"stream_name":"stderr","time":152.097094932,"data":"     32 from ...masking_utils import create_bidirectional_mask, create_causal_mask\n"}
,{"stream_name":"stderr","time":152.097099228,"data":"---\u003e 33 from ...modeling_layers import GradientCheckpointingLayer\n"}
,{"stream_name":"stderr","time":152.097103815,"data":"     34 from ...modeling_outputs import (\n"}
,{"stream_name":"stderr","time":152.097108013,"data":"\n"}
,{"stream_name":"stderr","time":152.097112271,"data":"/usr/local/lib/python3.12/dist-packages/transformers/modeling_layers.py in \u003cmodule\u003e\n"}
,{"stream_name":"stderr","time":152.097116269,"data":"     26 from .models.auto import AutoModel\n"}
,{"stream_name":"stderr","time":152.097119856,"data":"---\u003e 27 from .processing_utils import Unpack\n"}
,{"stream_name":"stderr","time":152.097123489,"data":"     28 from .utils import TransformersKwargs, auto_docstring, can_return_tuple, logging\n"}
,{"stream_name":"stderr","time":152.097127254,"data":"\n"}
,{"stream_name":"stderr","time":152.097130648,"data":"/usr/local/lib/python3.12/dist-packages/transformers/processing_utils.py in \u003cmodule\u003e\n"}
,{"stream_name":"stderr","time":152.097139467,"data":"     37 from .feature_extraction_utils import BatchFeature\n"}
,{"stream_name":"stderr","time":152.097143255,"data":"---\u003e 38 from .image_utils import ChannelDimension, ImageInput, is_vision_available\n"}
,{"stream_name":"stderr","time":152.097149808,"data":"     39 from .tokenization_utils_base import (\n"}
,{"stream_name":"stderr","time":152.097153551,"data":"\n"}
,{"stream_name":"stderr","time":152.097156957,"data":"/usr/local/lib/python3.12/dist-packages/transformers/image_utils.py in \u003cmodule\u003e\n"}
,{"stream_name":"stderr","time":152.097237121,"data":"     52     if is_torchvision_available():\n"}
,{"stream_name":"stderr","time":152.097246857,"data":"---\u003e 53         from torchvision.transforms import InterpolationMode\n"}
,{"stream_name":"stderr","time":152.097251653,"data":"     54 \n"}
,{"stream_name":"stderr","time":152.097255295,"data":"\n"}
,{"stream_name":"stderr","time":152.097258771,"data":"/usr/local/lib/python3.12/dist-packages/torchvision/__init__.py in \u003cmodule\u003e\n"}
,{"stream_name":"stderr","time":152.097262744,"data":"      9 from .extension import _HAS_OPS  # usort:skip\n"}
,{"stream_name":"stderr","time":152.097266591,"data":"---\u003e 10 from torchvision import _meta_registrations, datasets, io, models, ops, transforms, utils  # usort:skip\n"}
,{"stream_name":"stderr","time":152.097307307,"data":"     11 \n"}
,{"stream_name":"stderr","time":152.097317593,"data":"\n"}
,{"stream_name":"stderr","time":152.097321201,"data":"/usr/local/lib/python3.12/dist-packages/torchvision/_meta_registrations.py in \u003cmodule\u003e\n"}
,{"stream_name":"stderr","time":152.097325046,"data":"    162 \n"}
,{"stream_name":"stderr","time":152.097328526,"data":"--\u003e 163 @torch.library.register_fake(\"torchvision::nms\")\n"}
,{"stream_name":"stderr","time":152.097332421,"data":"    164 def meta_nms(dets, scores, iou_threshold):\n"}
,{"stream_name":"stderr","time":152.097336116,"data":"\n"}
,{"stream_name":"stderr","time":152.097339691,"data":"/usr/local/lib/python3.12/dist-packages/torch/library.py in register(func)\n"}
,{"stream_name":"stderr","time":152.097343361,"data":"   1084             use_lib = lib\n"}
,{"stream_name":"stderr","time":152.097346961,"data":"-\u003e 1085         use_lib._register_fake(\n"}
,{"stream_name":"stderr","time":152.097350747,"data":"   1086             op_name, func, _stacklevel=stacklevel + 1, allow_override=allow_override\n"}
,{"stream_name":"stderr","time":152.097354565,"data":"\n"}
,{"stream_name":"stderr","time":152.097358021,"data":"/usr/local/lib/python3.12/dist-packages/torch/library.py in _register_fake(self, op_name, fn, _stacklevel, allow_override)\n"}
,{"stream_name":"stderr","time":152.097361939,"data":"    201 \n"}
,{"stream_name":"stderr","time":152.097367075,"data":"--\u003e 202         handle = entry.fake_impl.register(\n"}
,{"stream_name":"stderr","time":152.097373978,"data":"    203             func_to_register, source, lib=self, allow_override=allow_override\n"}
,{"stream_name":"stderr","time":152.097391374,"data":"\n"}
,{"stream_name":"stderr","time":152.097395634,"data":"/usr/local/lib/python3.12/dist-packages/torch/_library/fake_impl.py in register(self, func, source, lib, allow_override)\n"}
,{"stream_name":"stderr","time":152.09740039,"data":"     49                 )\n"}
,{"stream_name":"stderr","time":152.097404714,"data":"---\u003e 50             if torch._C._dispatch_has_kernel_for_dispatch_key(self.qualname, \"Meta\"):\n"}
,{"stream_name":"stderr","time":152.097409254,"data":"     51                 raise RuntimeError(\n"}
,{"stream_name":"stderr","time":152.097412975,"data":"\n"}
,{"stream_name":"stderr","time":152.097426014,"data":"RuntimeError: operator torchvision::nms does not exist\n"}
,{"stream_name":"stderr","time":152.097429877,"data":"\n"}
,{"stream_name":"stderr","time":152.097435215,"data":"The above exception was the direct cause of the following exception:\n"}
,{"stream_name":"stderr","time":152.097439189,"data":"\n"}
,{"stream_name":"stderr","time":152.097442647,"data":"ModuleNotFoundError                       Traceback (most recent call last)\n"}
,{"stream_name":"stderr","time":152.097446377,"data":"/tmp/ipykernel_30/1403665882.py in \u003ccell line: 0\u003e()\n"}
,{"stream_name":"stderr","time":152.097450146,"data":"     43     return m, device\n"}
,{"stream_name":"stderr","time":152.097453724,"data":"     44 \n"}
,{"stream_name":"stderr","time":152.097457228,"data":"---\u003e 45 models = [load_model(i) for i in range(NUM_GPUS)] if NUM_GPUS \u003e 0 else [(AutoModel.from_pretrained(MODEL_NAME), torch.device(\"cpu\"))]\n"}
,{"stream_name":"stderr","time":152.097461651,"data":"     46 \n"}
,{"stream_name":"stderr","time":152.097470968,"data":"     47 # Embedding function\n"}
,{"stream_name":"stderr","time":152.097487107,"data":"\n"}
,{"stream_name":"stderr","time":152.097491163,"data":"/tmp/ipykernel_30/1403665882.py in load_model(device_id)\n"}
,{"stream_name":"stderr","time":152.097495615,"data":"     37 def load_model(device_id):\n"}
,{"stream_name":"stderr","time":152.09749975,"data":"     38     device = torch.device(f\"cuda:{device_id}\" if device_id \u003e= 0 else \"cpu\")\n"}
,{"stream_name":"stderr","time":152.097504451,"data":"---\u003e 39     m = AutoModel.from_pretrained(MODEL_NAME, attn_implementation=\"sdpa\", dtype=torch.float16)\n"}
,{"stream_name":"stderr","time":152.097508506,"data":"     40     m.to(device)\n"}
,{"stream_name":"stderr","time":152.097512166,"data":"     41     m.eval()\n"}
,{"stream_name":"stderr","time":152.097515676,"data":"\n"}
,{"stream_name":"stderr","time":152.097519117,"data":"/usr/local/lib/python3.12/dist-packages/transformers/models/auto/auto_factory.py in from_pretrained(cls, pretrained_model_name_or_path, *model_args, **kwargs)\n"}
,{"stream_name":"stderr","time":152.097523132,"data":"    367             )\n"}
,{"stream_name":"stderr","time":152.097526609,"data":"    368         elif type(config) in cls._model_mapping:\n"}
,{"stream_name":"stderr","time":152.097530282,"data":"--\u003e 369             model_class = _get_model_class(config, cls._model_mapping)\n"}
,{"stream_name":"stderr","time":152.097534014,"data":"    370             if model_class.config_class == config.sub_configs.get(\"text_config\", None):\n"}
,{"stream_name":"stderr","time":152.097538118,"data":"    371                 config = config.get_text_config()\n"}
,{"stream_name":"stderr","time":152.097541841,"data":"\n"}
,{"stream_name":"stderr","time":152.09754523,"data":"/usr/local/lib/python3.12/dist-packages/transformers/models/auto/auto_factory.py in _get_model_class(config, model_mapping)\n"}
,{"stream_name":"stderr","time":152.097549109,"data":"    176 \n"}
,{"stream_name":"stderr","time":152.097552556,"data":"    177 def _get_model_class(config, model_mapping):\n"}
,{"stream_name":"stderr","time":152.097556118,"data":"--\u003e 178     supported_models = model_mapping[type(config)]\n"}
,{"stream_name":"stderr","time":152.097561551,"data":"    179     if not isinstance(supported_models, (list, tuple)):\n"}
,{"stream_name":"stderr","time":152.097568311,"data":"    180         return supported_models\n"}
,{"stream_name":"stderr","time":152.097584437,"data":"\n"}
,{"stream_name":"stderr","time":152.097589038,"data":"/usr/local/lib/python3.12/dist-packages/transformers/models/auto/auto_factory.py in __getitem__(self, key)\n"}
,{"stream_name":"stderr","time":152.097598334,"data":"    568         if model_type in self._model_mapping:\n"}
,{"stream_name":"stderr","time":152.097602813,"data":"    569             model_name = self._model_mapping[model_type]\n"}
,{"stream_name":"stderr","time":152.097606443,"data":"--\u003e 570             return self._load_attr_from_module(model_type, model_name)\n"}
,{"stream_name":"stderr","time":152.09761024,"data":"    571 \n"}
,{"stream_name":"stderr","time":152.097613635,"data":"    572         # Maybe there was several model types associated with this config.\n"}
,{"stream_name":"stderr","time":152.09761738,"data":"\n"}
,{"stream_name":"stderr","time":152.097620771,"data":"/usr/local/lib/python3.12/dist-packages/transformers/models/auto/auto_factory.py in _load_attr_from_module(self, model_type, attr)\n"}
,{"stream_name":"stderr","time":152.097625921,"data":"    582         if module_name not in self._modules:\n"}
,{"stream_name":"stderr","time":152.097629585,"data":"    583             self._modules[module_name] = importlib.import_module(f\".{module_name}\", \"transformers.models\")\n"}
,{"stream_name":"stderr","time":152.097633585,"data":"--\u003e 584         return getattribute_from_module(self._modules[module_name], attr)\n"}
,{"stream_name":"stderr","time":152.097637382,"data":"    585 \n"}
,{"stream_name":"stderr","time":152.097640729,"data":"    586     def keys(self) -\u003e list[type[PreTrainedConfig]]:\n"}
,{"stream_name":"stderr","time":152.097644521,"data":"\n"}
,{"stream_name":"stderr","time":152.097647815,"data":"/usr/local/lib/python3.12/dist-packages/transformers/models/auto/auto_factory.py in getattribute_from_module(module, attr)\n"}
,{"stream_name":"stderr","time":152.097651613,"data":"    494     if isinstance(attr, tuple):\n"}
,{"stream_name":"stderr","time":152.097657309,"data":"    495         return tuple(getattribute_from_module(module, a) for a in attr)\n"}
,{"stream_name":"stderr","time":152.09766433,"data":"--\u003e 496     if hasattr(module, attr):\n"}
,{"stream_name":"stderr","time":152.097678752,"data":"    497         return getattr(module, attr)\n"}
,{"stream_name":"stderr","time":152.097683046,"data":"    498     # Some of the mappings have entries model_type -\u003e object of another model type. In that case we try to grab the\n"}
,{"stream_name":"stderr","time":152.097687807,"data":"\n"}
,{"stream_name":"stderr","time":152.09769182,"data":"/usr/local/lib/python3.12/dist-packages/transformers/utils/import_utils.py in __getattr__(self, name)\n"}
,{"stream_name":"stderr","time":152.09769621,"data":"   2180                             ) from e\n"}
,{"stream_name":"stderr","time":152.097699859,"data":"   2181                 else:\n"}
,{"stream_name":"stderr","time":152.097703485,"data":"-\u003e 2182                     raise ModuleNotFoundError(\n"}
,{"stream_name":"stderr","time":152.097707153,"data":"   2183                         f\"Could not import module '{name}'. Are this object's requirements defined correctly?\"\n"}
,{"stream_name":"stderr","time":152.097711127,"data":"   2184                     ) from e\n"}
,{"stream_name":"stderr","time":152.097714637,"data":"\n"}
,{"stream_name":"stderr","time":152.097717952,"data":"ModuleNotFoundError: Could not import module 'XLMRobertaModel'. Are this object's requirements defined correctly?\n"}
,{"stream_name":"stderr","time":152.097721748,"data":"\n"}
,{"stream_name":"stderr","time":154.260787409,"data":"/usr/local/lib/python3.12/dist-packages/mistune.py:435: SyntaxWarning: invalid escape sequence '\\|'\n"}
,{"stream_name":"stderr","time":154.260827308,"data":"  cells[i][c] = re.sub('\\\\\\\\\\|', '|', cell)\n"}
,{"stream_name":"stderr","time":154.411530282,"data":"/usr/local/lib/python3.12/dist-packages/nbconvert/filters/filter_links.py:36: SyntaxWarning: invalid escape sequence '\\_'\n"}
,{"stream_name":"stderr","time":154.411555746,"data":"  text = re.sub(r'_', '\\_', text) # Escape underscores in display text\n"}
,{"stream_name":"stderr","time":155.039446902,"data":"[NbConvertApp] Converting notebook __notebook__.ipynb to notebook\n"}
,{"stream_name":"stderr","time":155.341711379,"data":"[NbConvertApp] Writing 91416 bytes to __notebook__.ipynb\n"}
,{"stream_name":"stderr","time":157.7669862,"data":"[NbConvertApp] Converting notebook __notebook__.ipynb to html\n"}
,{"stream_name":"stderr","time":158.584895663,"data":"[NbConvertApp] Writing 373759 bytes to __results__.html\n"}
]